{
  "id": "com.wasup.golden",
  "name": "iPAD Support for Whatsapp",
  "latest": "2.2-1",
  "repository": "BigBoss",
  "url": "http://cydia.saurik.com/package/com.wasup.golden/",
  "shortDescription": "for running WhatsApp For iPAD",
  "category": "Tweaks",
  "author": "@Golden_Apple9 & @hisham_vip",
  "commercial": false,
  "date": "2020-04-24T01:17:34Z",
  "versions": [
    {
      "tweakVersion": "2.2-1",
      "iOSVersion": "13.3",
      "repository": "BigBoss",
      "date": "2020-04-24T01:17:34Z",
      "outcome": {
        "calculatedStatus": "Working",
        "percentage": 100,
        "good": 1,
        "bad": 0,
        "total": 1,
        "arch32": {
          "total": 0,
          "good": 0,
          "bad": 0,
          "percentage": 0,
          "calculatedStatus": "Unknown"
        }
      },
      "users": [
        {
          "status": "working",
          "device": "iPad8,1",
          "issues": "",
          "date": "2020-04-24T01:17:11Z",
          "userName": "Ahplla",
          "issueNumber": 122309,
          "arch32": false
        }
      ]
    }
  ]
}
